ARM Linker, 4.1 [Build 481] [Standard]

==============================================================================

Section Cross References

    startup_stm32f10x_md.o(RESET) refers to startup_stm32f10x_md.o(STACK) for __initial_sp
    startup_stm32f10x_md.o(RESET) refers to startup_stm32f10x_md.o(.text) for Reset_Handler
    startup_stm32f10x_md.o(RESET) refers to stm32f10x_it.o(.text) for NMI_Handler
    startup_stm32f10x_md.o(RESET) refers to os_cpu_a.o(.text) for OSPendSV
    startup_stm32f10x_md.o(.text) refers to system_stm32f10x.o(.text) for SystemInit
    startup_stm32f10x_md.o(.text) refers to entry.o(.ARM.Collect$$$$00000000) for __main
    main.o(.text) refers to cpu_init.o(.text) for Wait_ms
    main.o(.text) refers to os_core.o(.text) for OSInit
    main.o(.text) refers to os_task.o(.text) for OSTaskCreate
    main.o(.text) refers to task_manage.o(.bss) for TASK_START_STK
    main.o(.text) refers to task_manage.o(.text) for TaskStart
    stm32f10x_it.o(.text) refers to printfa.o(i.__0printf) for __2printf
    stm32f10x_it.o(.text) refers to os_cpu_a.o(.text) for OS_ENTER_CRITICAL
    stm32f10x_it.o(.text) refers to os_core.o(.text) for OSTimeTick
    stm32f10x_it.o(.text) refers to stm32f10x_wwdg.o(.text) for WWDG_SetCounter
    stm32f10x_it.o(.text) refers to stm32f10x_exti.o(.text) for EXTI_GetITStatus
    stm32f10x_it.o(.text) refers to stm32f10x_usart.o(.text) for USART_GetITStatus
    stm32f10x_it.o(.text) refers to datastructure.o(.text) for QueueInput
    stm32f10x_it.o(.text) refers to os_core.o(.data) for OSIntNesting
    stm32f10x_it.o(.text) refers to stm32f10x_it.o(.data) for .data
    stm32f10x_it.o(.text) refers to serial_shell.o(.bss) for USART_Q
    c_lib_retarget.o(.text) refers to stm32f10x_usart.o(.text) for USART_SendData
    task_manage.o(.text) refers to stm32f10x_gpio.o(.text) for GPIO_ReadOutputDataBit
    task_manage.o(.text) refers to os_time.o(.text) for OSTimeDlyHMSM
    task_manage.o(.text) refers to os_cpu_a.o(.text) for OS_ENTER_CRITICAL
    task_manage.o(.text) refers to cpu_init.o(.text) for CPU_Init
    task_manage.o(.text) refers to ltm022a69b.o(.text) for LCD_Init
    task_manage.o(.text) refers to putc.o(i.putc) for putc
    task_manage.o(.text) refers to printfa.o(i.__0printf) for __2printf
    task_manage.o(.text) refers to nrf24l01.o(.text) for init_NRF24L01
    task_manage.o(.text) refers to os_task.o(.text) for OSTaskCreate
    task_manage.o(.text) refers to stdout.o(.data) for __stdout
    task_manage.o(.text) refers to lcd_lib.o(.constdata) for ucosii
    task_manage.o(.text) refers to task_manage.o(.bss) for .bss
    task_manage.o(.text) refers to general_task.o(.text) for TaskGeneral
    general_task.o(.text) refers to printfa.o(i.__0printf) for __2printf
    general_task.o(.text) refers to ltm022a69b.o(.text) for LCD_DispString
    general_task.o(.text) refers to os_time.o(.text) for OSTimeDlyHMSM
    general_task.o(.text) refers to ffext.o(.text) for ffext_mount
    general_task.o(.text) refers to general_task.o(.data) for .data
    general_task.o(.text) refers to general_task.o(.bss) for .bss
    servo.o(.text) refers to printfa.o(i.__0printf) for __2printf
    servo.o(.text) refers to ltm022a69b.o(.text) for LCD_DispString
    servo.o(.text) refers to stm32f10x_gpio.o(.text) for GPIO_ReadInputDataBit
    servo.o(.text) refers to printfa.o(i.__0sprintf) for __2sprintf
    servo.o(.text) refers to stm32f10x_it.o(.data) for flag_usart1Rx
    servo.o(.text) refers to cpu_init.o(.bss) for USART1_DMA_RxBuff
    gps.o(.text) refers to ltm022a69b.o(.text) for LCD_DispString
    gps.o(.text) refers to gps.o(.data) for .data
    gps.o(.text) refers to stm32f10x_it.o(.data) for flag_usart3Rx
    gps.o(.text) refers to gps.o(.bss) for .bss
    gps.o(.data) refers to gps.o(.bss) for GPS_data_buff
    gps.o(.data) refers to gps.o(.data) for GPS_keyword
    serial_shell.o(.text) refers to strcmp.o(.text) for strcmp
    serial_shell.o(.text) refers to datastructure.o(.text) for QueueOutput
    serial_shell.o(.text) refers to printfa.o(i.__0printf) for __2printf
    serial_shell.o(.text) refers to memseta.o(.text) for __aeabi_memclr4
    serial_shell.o(.text) refers to os_time.o(.text) for OSTimeDlyHMSM
    serial_shell.o(.text) refers to atoi.o(.text) for atoi
    serial_shell.o(.text) refers to ffltui.o(.text) for __aeabi_ui2f
    serial_shell.o(.text) refers to fdiv.o(.text) for __aeabi_fdiv
    serial_shell.o(.text) refers to f2d.o(.text) for __aeabi_f2d
    serial_shell.o(.text) refers to cpu_init.o(.text) for Wait_ms
    serial_shell.o(.text) refers to stm32f10x_gpio.o(.text) for GPIO_WriteBit
    serial_shell.o(.text) refers to stm32f10x_it.o(.data) for flag_usart1Rx
    serial_shell.o(.text) refers to serial_shell.o(.data) for .data
    serial_shell.o(.text) refers to serial_shell.o(.bss) for .bss
    serial_shell.o(.text) refers to serial_shell.o(.constdata) for .constdata
[...]
    create_chain                             0x08006509   Thumb Code   148  ff.o(.text)
    dir_seek                                 0x080065b5   Thumb Code   126  ff.o(.text)
    dir_next                                 0x08006633   Thumb Code   234  ff.o(.text)
    dir_read                                 0x0800671d   Thumb Code    68  ff.o(.text)
    dir_register                             0x08006761   Thumb Code   102  ff.o(.text)
    dir_remove                               0x080067c7   Thumb Code    40  ff.o(.text)
    create_name                              0x080067ef   Thumb Code   248  ff.o(.text)
    get_fileinfo                             0x080068e7   Thumb Code    96  ff.o(.text)
    follow_path                              0x08006947   Thumb Code   188  ff.o(.text)
    check_fs                                 0x08006a03   Thumb Code    86  ff.o(.text)
    mem_cpy                                  0x08007a05   Thumb Code    16  ff.o(.text)
    mem_set                                  0x08007a15   Thumb Code    14  ff.o(.text)
    validate                                 0x08007a23   Thumb Code    32  ff.o(.text)
    .text                                    0x08007a44   Section        0  diskio.o(.text)
    .text                                    0x08007b40   Section        0  memcpya.o(.text)
    .text                                    0x08007b64   Section        0  memseta.o(.text)
    .text                                    0x08007b8a   Section        0  strlen.o(.text)
    .text                                    0x08007b9a   Section        0  memcmp.o(.text)
    .text                                    0x08007bb4   Section        0  uidiv.o(.text)
    .text                                    0x08007be0   Section        0  uldiv.o(.text)
    .text                                    0x08007c46   Section        0  iusefp.o(.text)
    .text                                    0x08007c46   Section        0  dadd.o(.text)
    .text                                    0x08007d90   Section        0  dmul.o(.text)
    .text                                    0x08007e72   Section        0  ddiv.o(.text)
    .text                                    0x08007f50   Section        0  dfixul.o(.text)
    .text                                    0x08007f80   Section       40  cdrcmple.o(.text)
    .text                                    0x08007fa8   Section       36  init.o(.text)
    .text                                    0x08007fcc   Section        0  llshl.o(.text)
    .text                                    0x08007fea   Section        0  llushr.o(.text)
    .text                                    0x0800800a   Section        0  llsshr.o(.text)
    .text                                    0x0800802e   Section        0  depilogue.o(.text)
    i.__0printf                              0x080080f0   Section        0  printfa.o(i.__0printf)
    i.__0sprintf                             0x08008110   Section        0  printfa.o(i.__0sprintf)
    i.__scatterload_copy                     0x08008138   Section       14  handlers.o(i.__scatterload_copy)
    i.__scatterload_null                     0x08008146   Section        2  handlers.o(i.__scatterload_null)
    i.__scatterload_zeroinit                 0x08008148   Section       14  handlers.o(i.__scatterload_zeroinit)
    i._fp_digits                             0x08008158   Section        0  printfa.o(i._fp_digits)
    _fp_digits                               0x08008159   Thumb Code   318  printfa.o(i._fp_digits)
    i._printf_core                           0x080082ac   Section        0  printfa.o(i._printf_core)
    _printf_core                             0x080082ad   Thumb Code  1734  printfa.o(i._printf_core)
    i._printf_post_padding                   0x08008980   Section        0  printfa.o(i._printf_post_padding)
    _printf_post_padding                     0x08008981   Thumb Code    38  printfa.o(i._printf_post_padding)
    i._printf_pre_padding                    0x080089a6   Section        0  printfa.o(i._printf_pre_padding)
    _printf_pre_padding                      0x080089a7   Thumb Code    46  printfa.o(i._printf_pre_padding)
    i._spi_read_write                        0x080089d4   Section        0  sd_driver.o(i._spi_read_write)
    i._sputc                                 0x08008a0c   Section        0  printfa.o(i._sputc)
    _sputc                                   0x08008a0d   Thumb Code    10  printfa.o(i._sputc)
    i.putc                                   0x08008a16   Section        0  putc.o(i.putc)
    .constdata                               0x08008a1c   Section       32  lcd_lib.o(.constdata)
    .constdata                               0x08008a3c   Section     2048  lcd_lib.o(.constdata)
    .constdata                               0x0800923c   Section      192  lcd_lib.o(.constdata)
    .constdata                               0x080092fc   Section    18000  lcd_lib.o(.constdata)
    .constdata                               0x0800d94c   Section      264  os_core.o(.constdata)
    .data                                    0x20000000   Section       16  stm32f10x_it.o(.data)
    .data                                    0x20000010   Section        1  stm32f10x_it.o(.data)
    .data                                    0x20000014   Section       77  general_task.o(.data)
    .data                                    0x20000061   Section       11  nrf24l01.o(.data)
    flag                                     0x20000061   Data           1  nrf24l01.o(.data)
    .data                                    0x2000006c   Section       20  stm32f10x_rcc.o(.data)
    ADCPrescTable                            0x2000006c   Data           4  stm32f10x_rcc.o(.data)
    APBAHBPrescTable                         0x20000070   Data          16  stm32f10x_rcc.o(.data)
    .data                                    0x20000080   Section       20  system_stm32f10x.o(.data)
    .data                                    0x20000094   Section        4  os_cpu_c.o(.data)
    .data                                    0x20000098   Section       52  os_core.o(.data)
    .data                                    0x200000cc   Section        4  os_core.o(.data)
    .data                                    0x200000d0   Section        4  os_core.o(.data)
    .data                                    0x200000d4   Section        4  os_core.o(.data)
    .data                                    0x200000d8   Section        8  ff.o(.data)
    Fsid                                     0x200000d8   Data           2  ff.o(.data)
    FatFs                                    0x200000dc   Data           4  ff.o(.data)
    .data                                    0x200000e0   Section        4  stdout.o(.data)
    .bss                                     0x200000e4   Section      512  task_manage.o(.bss)
    .bss                                     0x200002e4   Section     2304  task_manage.o(.bss)
    .bss                                     0x20000be4   Section     1072  general_task.o(.bss)
    .bss                                     0x20001014   Section      148  serial_shell.o(.bss)
    .bss                                     0x200010a8   Section      112  cpu_init.o(.bss)
    .bss                                     0x20001118   Section       88  sd_driver.o(.bss)
    .bss                                     0x20001170   Section       64  nrf24l01.o(.bss)
    .bss                                     0x200011b0   Section     4848  os_core.o(.bss)
    .bss                                     0x200024a0   Section       60  os_core.o(.bss)
    .bss                                     0x200024dc   Section      100  os_core.o(.bss)
    .bss                                     0x20002540   Section       48  os_core.o(.bss)
    STACK                                    0x20002570   Section     2048  startup_stm32f10x_md.o(STACK)

    Global Symbols

    Symbol Name                              Value     Ov Type        Size  Object(Section)

    BuildAttributes$$THM_ISAv4$P$D$K$B$S$PE$A:L22UL41UL21$X:L11$S22US41US21$IEEE1$IW$USESV6$~STKCKD$USESV7$~SHL$OTIME$ROPI$EBA8$MICROLIB$REQ8$PRES8$EABIv2 0x00000000   Number         0  anon$$obj.o ABSOLUTE
    __ARM_use_no_argv                        0x00000000   Number         0  main.o ABSOLUTE
    _printf_a                                0x00000000   Number         0  stubs.o ABSOLUTE
    _printf_c                                0x00000000   Number         0  stubs.o ABSOLUTE
    _printf_charcount                        0x00000000   Number         0  stubs.o ABSOLUTE
    _printf_d                                0x00000000   Number         0  stubs.o ABSOLUTE
    _printf_e                                0x00000000   Number         0  stubs.o ABSOLUTE
    _printf_f                                0x00000000   Number         0  stubs.o ABSOLUTE
    _printf_flags                            0x00000000   Number         0  stubs.o ABSOLUTE
    _printf_fp_dec                           0x00000000   Number         0  stubs.o ABSOLUTE
    _printf_fp_hex                           0x00000000   Number         0  stubs.o ABSOLUTE
    _printf_g                                0x00000000   Number         0  stubs.o ABSOLUTE
    _printf_i                                0x00000000   Number         0  stubs.o ABSOLUTE
    _printf_int_dec                          0x00000000   Number         0  stubs.o ABSOLUTE
    _printf_l                                0x00000000   Number         0  stubs.o ABSOLUTE
    _printf_lc                               0x00000000   Number         0  stubs.o ABSOLUTE
    _printf_ll                               0x00000000   Number         0  stubs.o ABSOLUTE
    _printf_lld                              0x00000000   Number         0  stubs.o ABSOLUTE
    _printf_lli                              0x00000000   Number         0  stubs.o ABSOLUTE
    _printf_llo                              0x00000000   Number         0  stubs.o ABSOLUTE
    _printf_llu                              0x00000000   Number         0  stubs.o ABSOLUTE
    _printf_llx                              0x00000000   Number         0  stubs.o ABSOLUTE
    _printf_longlong_dec                     0x00000000   Number         0  stubs.o ABSOLUTE
    _printf_longlong_hex                     0x00000000   Number         0  stubs.o ABSOLUTE
    _printf_longlong_oct                     0x00000000   Number         0  stubs.o ABSOLUTE
    _printf_ls                               0x00000000   Number         0  stubs.o ABSOLUTE
    _printf_mbtowc                           0x00000000   Number         0  stubs.o ABSOLUTE
    _printf_n                                0x00000000   Number         0  stubs.o ABSOLUTE
    _printf_o                                0x00000000   Number         0  stubs.o ABSOLUTE
    _printf_p                                0x00000000   Number         0  stubs.o ABSOLUTE
    _printf_percent                          0x00000000   Number         0  stubs.o ABSOLUTE
    _printf_pre_padding                      0x00000000   Number         0  stubs.o ABSOLUTE
    _printf_return_value                     0x00000000   Number         0  stubs.o ABSOLUTE
    _printf_s                                0x00000000   Number         0  stubs.o ABSOLUTE
    _printf_sizespec                         0x00000000   Number         0  stubs.o ABSOLUTE
    _printf_str                              0x00000000   Number         0  stubs.o ABSOLUTE
    _printf_truncate_signed                  0x00000000   Number         0  stubs.o ABSOLUTE
    _printf_truncate_unsigned                0x00000000   Number         0  stubs.o ABSOLUTE
    _printf_u                                0x00000000   Number         0  stubs.o ABSOLUTE
    _printf_wc                               0x00000000   Number         0  stubs.o ABSOLUTE
    _printf_wctomb                           0x00000000   Number         0  stubs.o ABSOLUTE
    _printf_widthprec                        0x00000000   Number         0  stubs.o ABSOLUTE
    _printf_x                                0x00000000   Number         0  stubs.o ABSOLUTE
    __decompress                              - Undefined Weak Reference
    __Vectors_Size                           0x000000ec   Number         0  startup_stm32f10x_md.o ABSOLUTE
    __Vectors                                0x08000000   Data           4  startup_stm32f10x_md.o(RESET)
    __Vectors_End                            0x080000ec   Data           0  startup_stm32f10x_md.o(RESET)
    __main                                   0x080000ed   Thumb Code     0  entry.o(.ARM.Collect$$$$00000000)
    _main_stk                                0x080000ed   Thumb Code     0  entry2.o(.ARM.Collect$$$$00000001)
    _main_scatterload                        0x080000f1   Thumb Code     0  entry5.o(.ARM.Collect$$$$00000004)
    __main_after_scatterload                 0x080000f5   Thumb Code     0  entry5.o(.ARM.Collect$$$$00000004)
    _main_init                               0x080000f5   Thumb Code     0  entry7.o(.ARM.Collect$$$$00000007)
    Reset_Handler                            0x08000101   Thumb Code     8  startup_stm32f10x_md.o(.text)
    CAN1_RX1_IRQHandler                      0x0800011b   Thumb Code     0  startup_stm32f10x_md.o(.text)
    CAN1_SCE_IRQHandler                      0x0800011b   Thumb Code     0  startup_stm32f10x_md.o(.text)
    USB_HP_CAN1_TX_IRQHandler                0x0800011b   Thumb Code     0  startup_stm32f10x_md.o(.text)
    USB_LP_CAN1_RX0_IRQHandler               0x0800011b   Thumb Code     0  startup_stm32f10x_md.o(.text)
    main                                     0x08000125   Thumb Code    32  main.o(.text)
    NMI_Handler                              0x0800014d   Thumb Code     2  stm32f10x_it.o(.text)
    HardFault_Handler                        0x0800014f   Thumb Code     8  stm32f10x_it.o(.text)
    MemManage_Handler                        0x08000157   Thumb Code     8  stm32f10x_it.o(.text)
    BusFault_Handler                         0x0800015f   Thumb Code     8  stm32f10x_it.o(.text)
    UsageFault_Handler                       0x08000167   Thumb Code     8  stm32f10x_it.o(.text)
    SVC_Handler                              0x0800016f   Thumb Code     2  stm32f10x_it.o(.text)
    DebugMon_Handler                         0x08000171   Thumb Code     2  stm32f10x_it.o(.text)
    PendSV_Handler                           0x08000173   Thumb Code     2  stm32f10x_it.o(.text)
    SysTick_Handler                          0x08000175   Thumb Code    30  stm32f10x_it.o(.text)
    WWDG_IRQHandler                          0x08000193   Thumb Code    48  stm32f10x_it.o(.text)
    PVD_IRQHandler                           0x080001c3   Thumb Code     2  stm32f10x_it.o(.text)
    TAMPER_IRQHandler                        0x080001c5   Thumb Code     2  stm32f10x_it.o(.text)
    RTC_IRQHandler                           0x080001c7   Thumb Code     2  stm32f10x_it.o(.text)
    FLASH_IRQHandler                         0x080001c9   Thumb Code     2  stm32f10x_it.o(.text)
    RCC_IRQHandler                           0x080001cb   Thumb Code     2  stm32f10x_it.o(.text)
    EXTI0_IRQHandler                         0x080001cd   Thumb Code     2  stm32f10x_it.o(.text)
    EXTI1_IRQHandler                         0x080001cf   Thumb Code     2  stm32f10x_it.o(.text)
    EXTI2_IRQHandler                         0x080001d1   Thumb Code     2  stm32f10x_it.o(.text)
    EXTI3_IRQHandler                         0x080001d3   Thumb Code     2  stm32f10x_it.o(.text)
    EXTI4_IRQHandler                         0x080001d5   Thumb Code     2  stm32f10x_it.o(.text)
    DMA1_Channel1_IRQHandler                 0x080001d7   Thumb Code     2  stm32f10x_it.o(.text)
    DMA1_Channel2_IRQHandler                 0x080001d9   Thumb Code     2  stm32f10x_it.o(.text)
    DMA1_Channel3_IRQHandler                 0x080001db   Thumb Code     2  stm32f10x_it.o(.text)
    DMA1_Channel4_IRQHandler                 0x080001dd   Thumb Code     2  stm32f10x_it.o(.text)
    DMA1_Channel5_IRQHandler                 0x080001df   Thumb Code     2  stm32f10x_it.o(.text)
    DMA1_Channel6_IRQHandler                 0x080001e1   Thumb Code     2  stm32f10x_it.o(.text)
    DMA1_Channel7_IRQHandler                 0x080001e3   Thumb Code     2  stm32f10x_it.o(.text)
    ADC1_2_IRQHandler                        0x080001e5   Thumb Code     2  stm32f10x_it.o(.text)
    USB_HP_CAN_TX_IRQHandler                 0x080001e7   Thumb Code     2  stm32f10x_it.o(.text)
    USB_LP_CAN_RX0_IRQHandler                0x080001e9   Thumb Code     2  stm32f10x_it.o(.text)
    CAN_RX1_IRQHandler                       0x080001eb   Thumb Code     2  stm32f10x_it.o(.text)
    CAN_SCE_IRQHandler                       0x080001ed   Thumb Code     2  stm32f10x_it.o(.text)
    EXTI9_5_IRQHandler                       0x080001ef   Thumb Code    24  stm32f10x_it.o(.text)
    TIM1_BRK_IRQHandler                      0x08000207   Thumb Code     2  stm32f10x_it.o(.text)
    TIM1_UP_IRQHandler                       0x08000209   Thumb Code     2  stm32f10x_it.o(.text)
    TIM1_TRG_COM_IRQHandler                  0x0800020b   Thumb Code     2  stm32f10x_it.o(.text)
    TIM1_CC_IRQHandler                       0x0800020d   Thumb Code     2  stm32f10x_it.o(.text)
    TIM2_IRQHandler                          0x0800020f   Thumb Code     2  stm32f10x_it.o(.text)
    TIM3_IRQHandler                          0x08000211   Thumb Code     2  stm32f10x_it.o(.text)
    TIM4_IRQHandler                          0x08000213   Thumb Code     2  stm32f10x_it.o(.text)
    I2C1_EV_IRQHandler                       0x08000215   Thumb Code     2  stm32f10x_it.o(.text)
    I2C1_ER_IRQHandler                       0x08000217   Thumb Code     2  stm32f10x_it.o(.text)
    I2C2_EV_IRQHandler                       0x08000219   Thumb Code     2  stm32f10x_it.o(.text)
    I2C2_ER_IRQHandler                       0x0800021b   Thumb Code     2  stm32f10x_it.o(.text)
    SPI1_IRQHandler                          0x0800021d   Thumb Code     2  stm32f10x_it.o(.text)
    SPI2_IRQHandler                          0x0800021f   Thumb Code     2  stm32f10x_it.o(.text)
    USART1_IRQHandler                        0x08000221   Thumb Code    62  stm32f10x_it.o(.text)
    USART2_IRQHandler                        0x0800025f   Thumb Code     2  stm32f10x_it.o(.text)
    USART3_IRQHandler                        0x08000261   Thumb Code    34  stm32f10x_it.o(.text)
    EXTI15_10_IRQHandler                     0x08000283   Thumb Code     2  stm32f10x_it.o(.text)
    RTCAlarm_IRQHandler                      0x08000285   Thumb Code     2  stm32f10x_it.o(.text)
    USBWakeUp_IRQHandler                     0x08000287   Thumb Code     2  stm32f10x_it.o(.text)
    TIM8_BRK_IRQHandler                      0x08000289   Thumb Code     2  stm32f10x_it.o(.text)
    TIM8_UP_IRQHandler                       0x0800028b   Thumb Code     2  stm32f10x_it.o(.text)
    TIM8_TRG_COM_IRQHandler                  0x0800028d   Thumb Code     2  stm32f10x_it.o(.text)
    TIM8_CC_IRQHandler                       0x0800028f   Thumb Code     2  stm32f10x_it.o(.text)
    ADC3_IRQHandler                          0x08000291   Thumb Code     2  stm32f10x_it.o(.text)
    FSMC_IRQHandler                          0x08000293   Thumb Code     2  stm32f10x_it.o(.text)
    SDIO_IRQHandler                          0x08000295   Thumb Code     2  stm32f10x_it.o(.text)
    TIM5_IRQHandler                          0x08000297   Thumb Code     2  stm32f10x_it.o(.text)
    SPI3_IRQHandler                          0x08000299   Thumb Code     2  stm32f10x_it.o(.text)
    UART4_IRQHandler                         0x0800029b   Thumb Code     2  stm32f10x_it.o(.text)
    UART5_IRQHandler                         0x0800029d   Thumb Code     2  stm32f10x_it.o(.text)
    TIM6_IRQHandler                          0x0800029f   Thumb Code     2  stm32f10x_it.o(.text)
    TIM7_IRQHandler                          0x080002a1   Thumb Code     2  stm32f10x_it.o(.text)
    DMA2_Channel1_IRQHandler                 0x080002a3   Thumb Code     2  stm32f10x_it.o(.text)
    DMA2_Channel2_IRQHandler                 0x080002a5   Thumb Code     2  stm32f10x_it.o(.text)
    DMA2_Channel3_IRQHandler                 0x080002a7   Thumb Code     2  stm32f10x_it.o(.text)
    DMA2_Channel4_5_IRQHandler               0x080002a9   Thumb Code     2  stm32f10x_it.o(.text)
    fputc                                    0x08000325   Thumb Code    30  c_lib_retarget.o(.text)
    TaskLed                                  0x08000349   Thumb Code    40  task_manage.o(.text)
    TaskStart                                0x08000371   Thumb Code   336  task_manage.o(.text)
    GetVolt                                  0x0800069d   Thumb Code    10  general_task.o(.text)
    TaskGeneral                              0x080006a7   Thumb Code   100  general_task.o(.text)
    ADC_Test                                 0x0800070b   Thumb Code     2  general_task.o(.text)
    SD_Test                                  0x0800070d   Thumb Code   104  general_task.o(.text)
    GetTemp                                  0x08000775   Thumb Code    32  general_task.o(.text)
    QueueInput                               0x0800081d   Thumb Code    46  datastructure.o(.text)
    QueueOutput                              0x0800084b   Thumb Code    36  datastructure.o(.text)
    QueueGetDataCount                        0x0800086f   Thumb Code     4  datastructure.o(.text)
    QueueClear                               0x08000873   Thumb Code    12  datastructure.o(.text)
    QueueCreate                              0x0800087f   Thumb Code    14  datastructure.o(.text)
    GetElem                                  0x0800088d   Thumb Code    20  datastructure.o(.text)
    SysTick_Configuration                    0x080008a1   Thumb Code    64  cpu_init.o(.text)
    ADC1_Configuration                       0x080008e1   Thumb Code   132  cpu_init.o(.text)
    GPIO_Configuration                       0x08000965   Thumb Code   238  cpu_init.o(.text)
    SPI_Configuration                        0x08000a53   Thumb Code   124  cpu_init.o(.text)
    USART_Configuration                      0x08000acf   Thumb Code   112  cpu_init.o(.text)
    TIM_Configuration                        0x08000b3f   Thumb Code   130  cpu_init.o(.text)
    DMA_Configuration                        0x08000bc1   Thumb Code   186  cpu_init.o(.text)
    EXTI_Configuration                       0x08000c7b   Thumb Code    40  cpu_init.o(.text)
    NVIC_Configuration                       0x08000ca3   Thumb Code   112  cpu_init.o(.text)
    RCC_Configuration                        0x08000d13   Thumb Code   126  cpu_init.o(.text)
    CPU_Init                                 0x08000d91   Thumb Code    92  cpu_init.o(.text)
    Wait_ms                                  0x08000ded   Thumb Code    18  cpu_init.o(.text)
    Delay                                    0x08000dff   Thumb Code    10  cpu_init.o(.text)
    delay_ms                                 0x08000e09   Thumb Code    18  cpu_init.o(.text)
    delay_us                                 0x08000e1b   Thumb Code     6  cpu_init.o(.text)
    LCD_WR_REG                               0x08000e39   Thumb Code    58  ltm022a69b.o(.text)
    LCD_WR_CMD                               0x08000e73   Thumb Code   102  ltm022a69b.o(.text)
    LCD_WR_DATA                              0x08000ed9   Thumb Code    42  ltm022a69b.o(.text)
    LCD_Clear                                0x08000f03   Thumb Code   104  ltm022a69b.o(.text)
    LCD_Init                                 0x08000f6b   Thumb Code   424  ltm022a69b.o(.text)
    LCD_Clear_SelectArea                     0x08001113   Thumb Code   122  ltm022a69b.o(.text)
    LCD_SetCursor                            0x0800118d   Thumb Code    28  ltm022a69b.o(.text)
    LCD_DispChar                             0x080011a9   Thumb Code   168  ltm022a69b.o(.text)
    LCD_DispString                           0x08001251   Thumb Code    60  ltm022a69b.o(.text)
    LCD_DispGB2312                           0x0800128d   Thumb Code   152  ltm022a69b.o(.text)
    LCD_DispImage                            0x08001325   Thumb Code   128  ltm022a69b.o(.text)
    LCD_Test                                 0x080013a5   Thumb Code   328  ltm022a69b.o(.text)
    LCD_DrawDot                              0x080014ed   Thumb Code    30  ltm022a69b.o(.text)
    Swap                                     0x0800150b   Thumb Code    10  ltm022a69b.o(.text)
    LCD_DrawLine                             0x08001515   Thumb Code   174  ltm022a69b.o(.text)
    MSD_SPIHighSpeed                         0x080015fd   Thumb Code    74  sd_driver.o(.text)
    MSD_SPIConfig                            0x08001647   Thumb Code    20  sd_driver.o(.text)
    _send_command_hold                       0x0800165b   Thumb Code    84  sd_driver.o(.text)
    _send_command                            0x080016af   Thumb Code   104  sd_driver.o(.text)
    MSD_Init                                 0x08001717   Thumb Code   472  sd_driver.o(.text)
    _read_buffer                             0x080018ef   Thumb Code   108  sd_driver.o(.text)
    MSD_GetCardInfo                          0x0800195b   Thumb Code  1250  sd_driver.o(.text)
    MSD_ReadSingleBlock                      0x08001e3d   Thumb Code    58  sd_driver.o(.text)
    MSD_ReadMultiBlock                       0x08001e77   Thumb Code   112  sd_driver.o(.text)
    MSD_WriteSingleBlock                     0x08001ee7   Thumb Code   166  sd_driver.o(.text)
    MSD_WriteMultiBlock                      0x08001f8d   Thumb Code   242  sd_driver.o(.text)
    ffext_mount                              0x0800208d   Thumb Code   266  ffext.o(.text)
    ffext_write                              0x08002197   Thumb Code    96  ffext.o(.text)
    ffext_read                               0x080021f7   Thumb Code  1096  ffext.o(.text)
    ffext_scanfiles                          0x0800263f   Thumb Code   110  ffext.o(.text)
    SPI_Send_Byte                            0x08002705   Thumb Code    48  nrf24l01.o(.text)
    SPI_Read_Buf                             0x08002735   Thumb Code    54  nrf24l01.o(.text)
    init_NRF24L01                            0x0800276b   Thumb Code    42  nrf24l01.o(.text)
    SPI_RD_Reg                               0x08002795   Thumb Code    22  nrf24l01.o(.text)
    SPI_WR_Reg                               0x080027ab   Thumb Code    32  nrf24l01.o(.text)
    SPI_Write_Buf                            0x080027cb   Thumb Code    52  nrf24l01.o(.text)
    RX_Mode                                  0x080027ff   Thumb Code   104  nrf24l01.o(.text)
    TX_Mode                                  0x08002867   Thumb Code    88  nrf24l01.o(.text)
    nRF24L01_TxPacket                        0x080028bf   Thumb Code    42  nrf24l01.o(.text)
    nRF24L01_RxPacket                        0x080028e9   Thumb Code    42  nrf24l01.o(.text)
    NRF_Send                                 0x08002913   Thumb Code    42  nrf24l01.o(.text)
    NRF_Receive                              0x0800293d   Thumb Code    76  nrf24l01.o(.text)
    NVIC_PriorityGroupConfig                 0x080029d5   Thumb Code    10  misc.o(.text)
    NVIC_Init                                0x080029df   Thumb Code    92  misc.o(.text)
    NVIC_SetVectorTable                      0x08002a3b   Thumb Code    12  misc.o(.text)
    NVIC_SystemLPConfig                      0x08002a47   Thumb Code    24  misc.o(.text)
    SysTick_CLKSourceConfig                  0x08002a5f   Thumb Code    24  misc.o(.text)
    DMA_DeInit                               0x08002a89   Thumb Code   226  stm32f10x_dma.o(.text)
    DMA_Init                                 0x08002b6b   Thumb Code    58  stm32f10x_dma.o(.text)
    DMA_StructInit                           0x08002ba5   Thumb Code    26  stm32f10x_dma.o(.text)
    DMA_Cmd                                  0x08002bbf   Thumb Code    20  stm32f10x_dma.o(.text)
    DMA_ITConfig                             0x08002bd3   Thumb Code    16  stm32f10x_dma.o(.text)
    DMA_GetCurrDataCounter                   0x08002be3   Thumb Code     6  stm32f10x_dma.o(.text)
    DMA_GetFlagStatus                        0x08002be9   Thumb Code    26  stm32f10x_dma.o(.text)
    DMA_ClearFlag                            0x08002c03   Thumb Code    16  stm32f10x_dma.o(.text)
    DMA_GetITStatus                          0x08002c13   Thumb Code    26  stm32f10x_dma.o(.text)
    DMA_ClearITPendingBit                    0x08002c2d   Thumb Code    16  stm32f10x_dma.o(.text)
    EXTI_DeInit                              0x08002c49   Thumb Code    18  stm32f10x_exti.o(.text)
    EXTI_Init                                0x08002c5b   Thumb Code   128  stm32f10x_exti.o(.text)
    EXTI_StructInit                          0x08002cdb   Thumb Code    14  stm32f10x_exti.o(.text)
    EXTI_GenerateSWInterrupt                 0x08002ce9   Thumb Code    12  stm32f10x_exti.o(.text)
    EXTI_GetFlagStatus                       0x08002cf5   Thumb Code    16  stm32f10x_exti.o(.text)
    EXTI_ClearFlag                           0x08002d05   Thumb Code     6  stm32f10x_exti.o(.text)
    EXTI_GetITStatus                         0x08002d0b   Thumb Code    26  stm32f10x_exti.o(.text)
    EXTI_ClearITPendingBit                   0x08002d25   Thumb Code     6  stm32f10x_exti.o(.text)
    FLASH_SetLatency                         0x08002d3d   Thumb Code    14  stm32f10x_flash.o(.text)
    FLASH_HalfCycleAccessCmd                 0x08002d4b   Thumb Code    18  stm32f10x_flash.o(.text)
    FLASH_PrefetchBufferCmd                  0x08002d5d   Thumb Code    18  stm32f10x_flash.o(.text)
    FLASH_Unlock                             0x08002d6f   Thumb Code    12  stm32f10x_flash.o(.text)
    FLASH_UnlockBank1                        0x08002d7b   Thumb Code    12  stm32f10x_flash.o(.text)
    FLASH_Lock                               0x08002d87   Thumb Code    12  stm32f10x_flash.o(.text)
    FLASH_LockBank1                          0x08002d93   Thumb Code    12  stm32f10x_flash.o(.text)
    FLASH_GetBank1Status                     0x08002d9f   Thumb Code    34  stm32f10x_flash.o(.text)
    FLASH_WaitForLastOperation               0x08002dc1   Thumb Code    34  stm32f10x_flash.o(.text)
    FLASH_ErasePage                          0x08002de3   Thumb Code    60  stm32f10x_flash.o(.text)
    FLASH_EraseAllPages                      0x08002e1f   Thumb Code    56  stm32f10x_flash.o(.text)
    FLASH_WaitForLastBank1Operation          0x08002e57   Thumb Code    34  stm32f10x_flash.o(.text)
    FLASH_EraseAllBank1Pages                 0x08002e79   Thumb Code    56  stm32f10x_flash.o(.text)
    FLASH_GetReadOutProtectionStatus         0x08002eb1   Thumb Code    14  stm32f10x_flash.o(.text)
    FLASH_EraseOptionBytes                   0x08002ebf   Thumb Code   108  stm32f10x_flash.o(.text)
    FLASH_ProgramWord                        0x08002f2b   Thumb Code    68  stm32f10x_flash.o(.text)
    FLASH_ProgramHalfWord                    0x08002f6f   Thumb Code    52  stm32f10x_flash.o(.text)
    FLASH_ProgramOptionByteData              0x08002fa3   Thumb Code    62  stm32f10x_flash.o(.text)
    FLASH_EnableWriteProtection              0x08002fe1   Thumb Code   154  stm32f10x_flash.o(.text)
    FLASH_ReadOutProtection                  0x0800307b   Thumb Code   120  stm32f10x_flash.o(.text)
    FLASH_UserOptionByteConfig               0x080030f3   Thumb Code    98  stm32f10x_flash.o(.text)
    FLASH_GetUserOptionByte                  0x08003155   Thumb Code     8  stm32f10x_flash.o(.text)
    FLASH_GetWriteProtectionOptionByte       0x0800315d   Thumb Code     6  stm32f10x_flash.o(.text)
    FLASH_GetPrefetchBufferStatus            0x08003163   Thumb Code    14  stm32f10x_flash.o(.text)
    FLASH_ITConfig                           0x08003171   Thumb Code    18  stm32f10x_flash.o(.text)
    FLASH_GetFlagStatus                      0x08003183   Thumb Code    28  stm32f10x_flash.o(.text)
    FLASH_ClearFlag                          0x0800319f   Thumb Code     6  stm32f10x_flash.o(.text)
    FLASH_GetStatus                          0x080031a5   Thumb Code    34  stm32f10x_flash.o(.text)
    GPIO_DeInit                              0x080031cd   Thumb Code   152  stm32f10x_gpio.o(.text)
    GPIO_AFIODeInit                          0x08003265   Thumb Code    22  stm32f10x_gpio.o(.text)
    GPIO_Init                                0x0800327b   Thumb Code   156  stm32f10x_gpio.o(.text)
    GPIO_StructInit                          0x08003317   Thumb Code    16  stm32f10x_gpio.o(.text)
    GPIO_ReadInputDataBit                    0x08003327   Thumb Code    14  stm32f10x_gpio.o(.text)
    GPIO_ReadInputData                       0x08003335   Thumb Code     6  stm32f10x_gpio.o(.text)
    GPIO_ReadOutputDataBit                   0x0800333b   Thumb Code    14  stm32f10x_gpio.o(.text)
    GPIO_ReadOutputData                      0x08003349   Thumb Code     6  stm32f10x_gpio.o(.text)
    GPIO_SetBits                             0x0800334f   Thumb Code     4  stm32f10x_gpio.o(.text)
    GPIO_ResetBits                           0x08003353   Thumb Code     4  stm32f10x_gpio.o(.text)
    GPIO_WriteBit                            0x08003357   Thumb Code    10  stm32f10x_gpio.o(.text)
    GPIO_Write                               0x08003361   Thumb Code     4  stm32f10x_gpio.o(.text)
    GPIO_PinLockConfig                       0x08003365   Thumb Code    16  stm32f10x_gpio.o(.text)
    GPIO_EventOutputConfig                   0x08003375   Thumb Code    22  stm32f10x_gpio.o(.text)
    GPIO_EventOutputCmd                      0x0800338b   Thumb Code     6  stm32f10x_gpio.o(.text)
    GPIO_PinRemapConfig                      0x08003391   Thumb Code    82  stm32f10x_gpio.o(.text)
    GPIO_EXTILineConfig                      0x080033e3   Thumb Code    34  stm32f10x_gpio.o(.text)
    GPIO_ETH_MediaInterfaceConfig            0x08003405   Thumb Code     6  stm32f10x_gpio.o(.text)
    RCC_DeInit                               0x08003435   Thumb Code    50  stm32f10x_rcc.o(.text)
    RCC_HSEConfig                            0x08003467   Thumb Code    48  stm32f10x_rcc.o(.text)
    RCC_GetFlagStatus                        0x08003497   Thumb Code    42  stm32f10x_rcc.o(.text)
    RCC_WaitForHSEStartUp                    0x080034c1   Thumb Code    38  stm32f10x_rcc.o(.text)
    RCC_AdjustHSICalibrationValue            0x080034e7   Thumb Code    16  stm32f10x_rcc.o(.text)
    RCC_HSICmd                               0x080034f7   Thumb Code     6  stm32f10x_rcc.o(.text)
    RCC_PLLConfig                            0x080034fd   Thumb Code    16  stm32f10x_rcc.o(.text)
    RCC_PLLCmd                               0x0800350d   Thumb Code     6  stm32f10x_rcc.o(.text)
    RCC_SYSCLKConfig                         0x08003513   Thumb Code    14  stm32f10x_rcc.o(.text)
    RCC_GetSYSCLKSource                      0x08003521   Thumb Code    10  stm32f10x_rcc.o(.text)
    RCC_HCLKConfig                           0x0800352b   Thumb Code    14  stm32f10x_rcc.o(.text)
    RCC_PCLK1Config                          0x08003539   Thumb Code    14  stm32f10x_rcc.o(.text)
    RCC_PCLK2Config                          0x08003547   Thumb Code    16  stm32f10x_rcc.o(.text)
    RCC_ITConfig                             0x08003557   Thumb Code    18  stm32f10x_rcc.o(.text)
    RCC_USBCLKConfig                         0x08003569   Thumb Code     6  stm32f10x_rcc.o(.text)
    RCC_ADCCLKConfig                         0x0800356f   Thumb Code    14  stm32f10x_rcc.o(.text)
    RCC_LSEConfig                            0x0800357d   Thumb Code    26  stm32f10x_rcc.o(.text)
    RCC_LSICmd                               0x08003597   Thumb Code     6  stm32f10x_rcc.o(.text)
    RCC_RTCCLKConfig                         0x0800359d   Thumb Code    10  stm32f10x_rcc.o(.text)
    RCC_RTCCLKCmd                            0x080035a7   Thumb Code     6  stm32f10x_rcc.o(.text)
    RCC_GetClocksFreq                        0x080035ad   Thumb Code   134  stm32f10x_rcc.o(.text)
    RCC_AHBPeriphClockCmd                    0x08003633   Thumb Code    18  stm32f10x_rcc.o(.text)
    RCC_APB2PeriphClockCmd                   0x08003645   Thumb Code    18  stm32f10x_rcc.o(.text)
    RCC_APB1PeriphClockCmd                   0x08003657   Thumb Code    18  stm32f10x_rcc.o(.text)
    RCC_APB2PeriphResetCmd                   0x08003669   Thumb Code    18  stm32f10x_rcc.o(.text)
    RCC_APB1PeriphResetCmd                   0x0800367b   Thumb Code    18  stm32f10x_rcc.o(.text)
    RCC_BackupResetCmd                       0x0800368d   Thumb Code     6  stm32f10x_rcc.o(.text)
    RCC_ClockSecuritySystemCmd               0x08003693   Thumb Code     6  stm32f10x_rcc.o(.text)
    RCC_MCOConfig                            0x08003699   Thumb Code     6  stm32f10x_rcc.o(.text)
    RCC_ClearFlag                            0x0800369f   Thumb Code    12  stm32f10x_rcc.o(.text)
    RCC_GetITStatus                          0x080036ab   Thumb Code    16  stm32f10x_rcc.o(.text)
    RCC_ClearITPendingBit                    0x080036bb   Thumb Code     6  stm32f10x_rcc.o(.text)
    SPI_I2S_DeInit                           0x080036f1   Thumb Code    72  stm32f10x_spi.o(.text)
    SPI_Init                                 0x08003739   Thumb Code    56  stm32f10x_spi.o(.text)
    I2S_Init                                 0x08003771   Thumb Code   144  stm32f10x_spi.o(.text)
    SPI_StructInit                           0x08003801   Thumb Code    24  stm32f10x_spi.o(.text)
    I2S_StructInit                           0x08003819   Thumb Code    18  stm32f10x_spi.o(.text)
    SPI_Cmd                                  0x0800382b   Thumb Code    20  stm32f10x_spi.o(.text)
    I2S_Cmd                                  0x0800383f   Thumb Code    20  stm32f10x_spi.o(.text)
    SPI_I2S_ITConfig                         0x08003853   Thumb Code    24  stm32f10x_spi.o(.text)
    SPI_I2S_DMACmd                           0x0800386b   Thumb Code    16  stm32f10x_spi.o(.text)
    SPI_I2S_SendData                         0x0800387b   Thumb Code     4  stm32f10x_spi.o(.text)
    SPI_I2S_ReceiveData                      0x0800387f   Thumb Code     4  stm32f10x_spi.o(.text)
    SPI_NSSInternalSoftwareConfig            0x08003883   Thumb Code    24  stm32f10x_spi.o(.text)
    SPI_SSOutputCmd                          0x0800389b   Thumb Code    20  stm32f10x_spi.o(.text)
    SPI_DataSizeConfig                       0x080038af   Thumb Code    16  stm32f10x_spi.o(.text)
    SPI_TransmitCRC                          0x080038bf   Thumb Code    10  stm32f10x_spi.o(.text)
    SPI_CalculateCRC                         0x080038c9   Thumb Code    20  stm32f10x_spi.o(.text)
    SPI_GetCRC                               0x080038dd   Thumb Code    12  stm32f10x_spi.o(.text)
    SPI_GetCRCPolynomial                     0x080038e9   Thumb Code     4  stm32f10x_spi.o(.text)
    SPI_BiDirectionalLineConfig              0x080038ed   Thumb Code    22  stm32f10x_spi.o(.text)
    SPI_I2S_GetFlagStatus                    0x08003903   Thumb Code    14  stm32f10x_spi.o(.text)
    SPI_I2S_ClearFlag                        0x08003911   Thumb Code     6  stm32f10x_spi.o(.text)
    SPI_I2S_GetITStatus                      0x08003917   Thumb Code    42  stm32f10x_spi.o(.text)
    SPI_I2S_ClearITPendingBit                0x08003941   Thumb Code    14  stm32f10x_spi.o(.text)
    TIM_DeInit                               0x0800395d   Thumb Code   304  stm32f10x_tim.o(.text)
    TIM_TimeBaseInit                         0x08003a8d   Thumb Code   114  stm32f10x_tim.o(.text)
    TIM_OC1Init                              0x08003aff   Thumb Code   106  stm32f10x_tim.o(.text)
    TIM_OC2Init                              0x08003b69   Thumb Code   116  stm32f10x_tim.o(.text)
    TIM_OC3Init                              0x08003bdd   Thumb Code   112  stm32f10x_tim.o(.text)
    TIM_OC4Init                              0x08003c4d   Thumb Code    86  stm32f10x_tim.o(.text)
    TIM_SetIC4Prescaler                      0x08003ca3   Thumb Code    18  stm32f10x_tim.o(.text)
    TIM_SetIC3Prescaler                      0x08003cb5   Thumb Code    16  stm32f10x_tim.o(.text)
    TIM_SetIC2Prescaler                      0x08003cc5   Thumb Code    18  stm32f10x_tim.o(.text)
    TIM_SetIC1Prescaler                      0x08003d03   Thumb Code    16  stm32f10x_tim.o(.text)
    TIM_ICInit                               0x08003d13   Thumb Code   218  stm32f10x_tim.o(.text)
    TIM_PWMIConfig                           0x08003ded   Thumb Code   104  stm32f10x_tim.o(.text)
    TIM_BDTRConfig                           0x08003e55   Thumb Code    34  stm32f10x_tim.o(.text)
    TIM_TimeBaseStructInit                   0x08003e77   Thumb Code    18  stm32f10x_tim.o(.text)
    TIM_OCStructInit                         0x08003e89   Thumb Code    20  stm32f10x_tim.o(.text)
    TIM_ICStructInit                         0x08003e9d   Thumb Code    16  stm32f10x_tim.o(.text)
    TIM_BDTRStructInit                       0x08003ead   Thumb Code    18  stm32f10x_tim.o(.text)
    TIM_Cmd                                  0x08003ebf   Thumb Code    20  stm32f10x_tim.o(.text)
    TIM_CtrlPWMOutputs                       0x08003ed3   Thumb Code    22  stm32f10x_tim.o(.text)
    TIM_ITConfig                             0x08003ee9   Thumb Code    16  stm32f10x_tim.o(.text)
    TIM_GenerateEvent                        0x08003ef9   Thumb Code     4  stm32f10x_tim.o(.text)
    TIM_DMAConfig                            0x08003efd   Thumb Code     8  stm32f10x_tim.o(.text)
    TIM_DMACmd                               0x08003f05   Thumb Code    16  stm32f10x_tim.o(.text)
    TIM_InternalClockConfig                  0x08003f15   Thumb Code    10  stm32f10x_tim.o(.text)
    TIM_SelectInputTrigger                   0x08003f1f   Thumb Code    12  stm32f10x_tim.o(.text)
    TIM_ITRxExternalClockConfig              0x08003f2b   Thumb Code    20  stm32f10x_tim.o(.text)
    TIM_TIxExternalClockConfig               0x08003f3f   Thumb Code    46  stm32f10x_tim.o(.text)
    TIM_ETRConfig                            0x08003f6d   Thumb Code    18  stm32f10x_tim.o(.text)
    TIM_ETRClockMode1Config                  0x08003f7f   Thumb Code    18  stm32f10x_tim.o(.text)
    TIM_ETRClockMode2Config                  0x08003f91   Thumb Code    18  stm32f10x_tim.o(.text)
    TIM_PrescalerConfig                      0x08003fa3   Thumb Code     6  stm32f10x_tim.o(.text)
    TIM_CounterModeConfig                    0x08003fa9   Thumb Code    12  stm32f10x_tim.o(.text)
    TIM_EncoderInterfaceConfig               0x08003fb5   Thumb Code    44  stm32f10x_tim.o(.text)
    TIM_ForcedOC1Config                      0x08003fe1   Thumb Code    12  stm32f10x_tim.o(.text)
    TIM_ForcedOC2Config                      0x08003fed   Thumb Code    14  stm32f10x_tim.o(.text)
    TIM_ForcedOC3Config                      0x08003ffb   Thumb Code    12  stm32f10x_tim.o(.text)
    TIM_ForcedOC4Config                      0x08004007   Thumb Code    14  stm32f10x_tim.o(.text)
    TIM_ARRPreloadConfig                     0x08004015   Thumb Code    20  stm32f10x_tim.o(.text)
    TIM_SelectCOM                            0x08004029   Thumb Code    20  stm32f10x_tim.o(.text)
    TIM_SelectCCDMA                          0x0800403d   Thumb Code    20  stm32f10x_tim.o(.text)
    TIM_CCPreloadControl                     0x08004051   Thumb Code    20  stm32f10x_tim.o(.text)
    TIM_OC1PreloadConfig                     0x08004065   Thumb Code    12  stm32f10x_tim.o(.text)
    TIM_OC2PreloadConfig                     0x08004071   Thumb Code    14  stm32f10x_tim.o(.text)
    TIM_OC3PreloadConfig                     0x0800407f   Thumb Code    12  stm32f10x_tim.o(.text)
    TIM_OC4PreloadConfig                     0x0800408b   Thumb Code    14  stm32f10x_tim.o(.text)
    TIM_OC1FastConfig                        0x08004099   Thumb Code    12  stm32f10x_tim.o(.text)
    TIM_OC2FastConfig                        0x080040a5   Thumb Code    14  stm32f10x_tim.o(.text)
    TIM_OC3FastConfig                        0x080040b3   Thumb Code    12  stm32f10x_tim.o(.text)
    TIM_OC4FastConfig                        0x080040bf   Thumb Code    14  stm32f10x_tim.o(.text)
    TIM_ClearOC1Ref                          0x080040cd   Thumb Code    12  stm32f10x_tim.o(.text)
    TIM_ClearOC2Ref                          0x080040d9   Thumb Code    14  stm32f10x_tim.o(.text)
    TIM_ClearOC3Ref                          0x080040e7   Thumb Code    12  stm32f10x_tim.o(.text)
    TIM_ClearOC4Ref                          0x080040f3   Thumb Code    14  stm32f10x_tim.o(.text)
    TIM_OC1PolarityConfig                    0x08004101   Thumb Code    12  stm32f10x_tim.o(.text)
    TIM_OC1NPolarityConfig                   0x0800410d   Thumb Code    12  stm32f10x_tim.o(.text)
    TIM_OC2PolarityConfig                    0x08004119   Thumb Code    14  stm32f10x_tim.o(.text)
    TIM_OC2NPolarityConfig                   0x08004127   Thumb Code    14  stm32f10x_tim.o(.text)
    TIM_OC3PolarityConfig                    0x08004135   Thumb Code    14  stm32f10x_tim.o(.text)
    TIM_OC3NPolarityConfig                   0x08004143   Thumb Code    14  stm32f10x_tim.o(.text)
    TIM_OC4PolarityConfig                    0x08004151   Thumb Code    14  stm32f10x_tim.o(.text)
    TIM_CCxCmd                               0x0800415f   Thumb Code    22  stm32f10x_tim.o(.text)
    TIM_CCxNCmd                              0x08004175   Thumb Code    22  stm32f10x_tim.o(.text)
    TIM_SelectOCxM                           0x0800418b   Thumb Code    66  stm32f10x_tim.o(.text)
    TIM_UpdateDisableConfig                  0x080041cd   Thumb Code    20  stm32f10x_tim.o(.text)
    TIM_UpdateRequestConfig                  0x080041e1   Thumb Code    20  stm32f10x_tim.o(.text)
    TIM_SelectHallSensor                     0x080041f5   Thumb Code    20  stm32f10x_tim.o(.text)
    TIM_SelectOnePulseMode                   0x08004209   Thumb Code    16  stm32f10x_tim.o(.text)
    TIM_SelectOutputTrigger                  0x08004219   Thumb Code    16  stm32f10x_tim.o(.text)
    TIM_SelectSlaveMode                      0x08004229   Thumb Code    16  stm32f10x_tim.o(.text)
    TIM_SelectMasterSlaveMode                0x08004239   Thumb Code    16  stm32f10x_tim.o(.text)
    TIM_SetCounter                           0x08004249   Thumb Code     4  stm32f10x_tim.o(.text)
    TIM_SetAutoreload                        0x0800424d   Thumb Code     4  stm32f10x_tim.o(.text)
    TIM_SetCompare1                          0x08004251   Thumb Code     4  stm32f10x_tim.o(.text)
    TIM_SetCompare2                          0x08004255   Thumb Code     4  stm32f10x_tim.o(.text)
    TIM_SetCompare3                          0x08004259   Thumb Code     4  stm32f10x_tim.o(.text)
    TIM_SetCompare4                          0x0800425d   Thumb Code     6  stm32f10x_tim.o(.text)
    TIM_SetClockDivision                     0x08004263   Thumb Code    16  stm32f10x_tim.o(.text)
    TIM_GetCapture1                          0x08004273   Thumb Code     4  stm32f10x_tim.o(.text)
    TIM_GetCapture2                          0x08004277   Thumb Code     4  stm32f10x_tim.o(.text)
    TIM_GetCapture3                          0x0800427b   Thumb Code     4  stm32f10x_tim.o(.text)
    TIM_GetCapture4                          0x0800427f   Thumb Code     6  stm32f10x_tim.o(.text)
    TIM_GetCounter                           0x08004285   Thumb Code     4  stm32f10x_tim.o(.text)
    TIM_GetPrescaler                         0x08004289   Thumb Code     4  stm32f10x_tim.o(.text)
    TIM_GetFlagStatus                        0x0800428d   Thumb Code    14  stm32f10x_tim.o(.text)
    TIM_ClearFlag                            0x0800429b   Thumb Code     6  stm32f10x_tim.o(.text)
    TIM_GetITStatus                          0x080042a1   Thumb Code    24  stm32f10x_tim.o(.text)
    TIM_ClearITPendingBit                    0x080042b9   Thumb Code     6  stm32f10x_tim.o(.text)
    USART_DeInit                             0x080042e9   Thumb Code    96  stm32f10x_usart.o(.text)
    USART_Init                               0x08004349   Thumb Code   176  stm32f10x_usart.o(.text)
    USART_StructInit                         0x080043f9   Thumb Code    22  stm32f10x_usart.o(.text)
    USART_ClockInit                          0x0800440f   Thumb Code    30  stm32f10x_usart.o(.text)
    USART_ClockStructInit                    0x0800442d   Thumb Code    12  stm32f10x_usart.o(.text)
    USART_Cmd                                0x08004439   Thumb Code    20  stm32f10x_usart.o(.text)
    USART_ITConfig                           0x0800444d   Thumb Code    48  stm32f10x_usart.o(.text)
    USART_DMACmd                             0x0800447d   Thumb Code    16  stm32f10x_usart.o(.text)
    USART_SetAddress                         0x0800448d   Thumb Code    16  stm32f10x_usart.o(.text)
    USART_WakeUpConfig                       0x0800449d   Thumb Code    16  stm32f10x_usart.o(.text)
    USART_ReceiverWakeUpCmd                  0x080044ad   Thumb Code    20  stm32f10x_usart.o(.text)
    USART_LINBreakDetectLengthConfig         0x080044c1   Thumb Code    16  stm32f10x_usart.o(.text)
    USART_LINCmd                             0x080044d1   Thumb Code    20  stm32f10x_usart.o(.text)
    USART_SendData                           0x080044e5   Thumb Code     8  stm32f10x_usart.o(.text)
    USART_ReceiveData                        0x080044ed   Thumb Code     8  stm32f10x_usart.o(.text)
    USART_SendBreak                          0x080044f5   Thumb Code    10  stm32f10x_usart.o(.text)
    USART_SetGuardTime                       0x080044ff   Thumb Code    16  stm32f10x_usart.o(.text)
    USART_SetPrescaler                       0x0800450f   Thumb Code    16  stm32f10x_usart.o(.text)
    USART_SmartCardCmd                       0x0800451f   Thumb Code    20  stm32f10x_usart.o(.text)
    USART_SmartCardNACKCmd                   0x08004533   Thumb Code    20  stm32f10x_usart.o(.text)
    USART_HalfDuplexCmd                      0x08004547   Thumb Code    20  stm32f10x_usart.o(.text)
    USART_OverSampling8Cmd                   0x0800455b   Thumb Code    20  stm32f10x_usart.o(.text)
    USART_OneBitMethodCmd                    0x0800456f   Thumb Code    20  stm32f10x_usart.o(.text)
    USART_IrDAConfig                         0x08004583   Thumb Code    16  stm32f10x_usart.o(.text)
    USART_IrDACmd                            0x08004593   Thumb Code    20  stm32f10x_usart.o(.text)
    USART_GetFlagStatus                      0x080045a7   Thumb Code    14  stm32f10x_usart.o(.text)
    USART_ClearFlag                          0x080045b5   Thumb Code     6  stm32f10x_usart.o(.text)
    USART_GetITStatus                        0x080045bb   Thumb Code    62  stm32f10x_usart.o(.text)
    USART_ClearITPendingBit                  0x080045f9   Thumb Code    12  stm32f10x_usart.o(.text)
    WWDG_DeInit                              0x08004619   Thumb Code    24  stm32f10x_wwdg.o(.text)
    WWDG_SetPrescaler                        0x08004631   Thumb Code    16  stm32f10x_wwdg.o(.text)
    WWDG_SetWindowValue                      0x08004641   Thumb Code    20  stm32f10x_wwdg.o(.text)
    WWDG_EnableIT                            0x08004655   Thumb Code     8  stm32f10x_wwdg.o(.text)
    WWDG_SetCounter                          0x0800465d   Thumb Code    10  stm32f10x_wwdg.o(.text)
    WWDG_Enable                              0x08004667   Thumb Code    10  stm32f10x_wwdg.o(.text)
    WWDG_GetFlagStatus                       0x08004671   Thumb Code     8  stm32f10x_wwdg.o(.text)
    WWDG_ClearFlag                           0x08004679   Thumb Code     8  stm32f10x_wwdg.o(.text)
    ADC_DeInit                               0x08004691   Thumb Code    56  stm32f10x_adc.o(.text)
    ADC_Init                                 0x080046c9   Thumb Code    62  stm32f10x_adc.o(.text)
    ADC_StructInit                           0x08004707   Thumb Code    18  stm32f10x_adc.o(.text)
    ADC_Cmd                                  0x08004719   Thumb Code    20  stm32f10x_adc.o(.text)
    ADC_DMACmd                               0x0800472d   Thumb Code    20  stm32f10x_adc.o(.text)
    ADC_ITConfig                             0x08004741   Thumb Code    18  stm32f10x_adc.o(.text)
    ADC_ResetCalibration                     0x08004753   Thumb Code    10  stm32f10x_adc.o(.text)
    ADC_GetResetCalibrationStatus            0x0800475d   Thumb Code    14  stm32f10x_adc.o(.text)
    ADC_StartCalibration                     0x0800476b   Thumb Code    10  stm32f10x_adc.o(.text)
    ADC_GetCalibrationStatus                 0x08004775   Thumb Code    14  stm32f10x_adc.o(.text)
    ADC_SoftwareStartConvCmd                 0x08004783   Thumb Code    20  stm32f10x_adc.o(.text)
    ADC_GetSoftwareStartConvStatus           0x08004797   Thumb Code    14  stm32f10x_adc.o(.text)
    ADC_DiscModeChannelCountConfig           0x080047a5   Thumb Code    16  stm32f10x_adc.o(.text)
    ADC_DiscModeCmd                          0x080047b5   Thumb Code    20  stm32f10x_adc.o(.text)
    ADC_RegularChannelConfig                 0x080047c9   Thumb Code   116  stm32f10x_adc.o(.text)
    ADC_ExternalTrigConvCmd                  0x0800483d   Thumb Code    20  stm32f10x_adc.o(.text)
    ADC_GetConversionValue                   0x08004851   Thumb Code     6  stm32f10x_adc.o(.text)
    ADC_GetDualModeConversionValue           0x08004857   Thumb Code     6  stm32f10x_adc.o(.text)
    ADC_AutoInjectedConvCmd                  0x0800485d   Thumb Code    20  stm32f10x_adc.o(.text)
    ADC_InjectedDiscModeCmd                  0x08004871   Thumb Code    20  stm32f10x_adc.o(.text)
    ADC_ExternalTrigInjectedConvConfig       0x08004885   Thumb Code    12  stm32f10x_adc.o(.text)
    ADC_ExternalTrigInjectedConvCmd          0x08004891   Thumb Code    20  stm32f10x_adc.o(.text)
    ADC_SoftwareStartInjectedConvCmd         0x080048a5   Thumb Code    20  stm32f10x_adc.o(.text)
    ADC_GetSoftwareStartInjectedConvCmdStatus 0x080048b9   Thumb Code    14  stm32f10x_adc.o(.text)
    ADC_InjectedChannelConfig                0x080048c7   Thumb Code    74  stm32f10x_adc.o(.text)
    ADC_InjectedSequencerLengthConfig        0x08004911   Thumb Code    16  stm32f10x_adc.o(.text)
    ADC_SetInjectedOffset                    0x08004921   Thumb Code     4  stm32f10x_adc.o(.text)
    ADC_GetInjectedConversionValue           0x08004925   Thumb Code     8  stm32f10x_adc.o(.text)
    ADC_AnalogWatchdogCmd                    0x0800492d   Thumb Code    12  stm32f10x_adc.o(.text)
    ADC_AnalogWatchdogThresholdsConfig       0x08004939   Thumb Code     6  stm32f10x_adc.o(.text)
    ADC_AnalogWatchdogSingleChannelConfig    0x0800493f   Thumb Code    12  stm32f10x_adc.o(.text)
    ADC_TempSensorVrefintCmd                 0x0800494b   Thumb Code    26  stm32f10x_adc.o(.text)
    ADC_GetFlagStatus                        0x08004965   Thumb Code    14  stm32f10x_adc.o(.text)
    ADC_ClearFlag                            0x08004973   Thumb Code     6  stm32f10x_adc.o(.text)
    ADC_GetITStatus                          0x08004979   Thumb Code    28  stm32f10x_adc.o(.text)
    ADC_ClearITPendingBit                    0x08004995   Thumb Code     8  stm32f10x_adc.o(.text)
    SystemInit                               0x080049bd   Thumb Code    52  system_stm32f10x.o(.text)
    SystemCoreClockUpdate                    0x080049f1   Thumb Code    86  system_stm32f10x.o(.text)
    OS_ENTER_CRITICAL                        0x08004aed   Thumb Code     0  os_cpu_a.o(.text)
    OS_EXIT_CRITICAL                         0x08004aff   Thumb Code     0  os_cpu_a.o(.text)
    OSStartHighRdy                           0x08004b19   Thumb Code     0  os_cpu_a.o(.text)
    OSCtxSw                                  0x08004b3b   Thumb Code     0  os_cpu_a.o(.text)
    OSIntCtxSw                               0x08004b49   Thumb Code     0  os_cpu_a.o(.text)
    OSPendSV                                 0x08004b59   Thumb Code     0  os_cpu_a.o(.text)
    ItDisAll                                 0x08004ba7   Thumb Code     0  os_cpu_a.o(.text)
    OSTaskStkInit                            0x08004bd5   Thumb Code   104  os_cpu_c.o(.text)
    OSInitHookBegin                          0x08004c3d   Thumb Code     2  os_cpu_c.o(.text)
    OSInitHookEnd                            0x08004c3f   Thumb Code     2  os_cpu_c.o(.text)
    OSTaskCreateHook                         0x08004c41   Thumb Code     2  os_cpu_c.o(.text)
    OSTaskDelHook                            0x08004c43   Thumb Code     2  os_cpu_c.o(.text)
    OSTaskSwHook                             0x08004c45   Thumb Code     2  os_cpu_c.o(.text)
    OSTaskStatHook                           0x08004c47   Thumb Code     2  os_cpu_c.o(.text)
    OSTCBInitHook                            0x08004c49   Thumb Code     2  os_cpu_c.o(.text)
    OSTimeTickHook                           0x08004c4b   Thumb Code     2  os_cpu_c.o(.text)
    OSTaskIdleHook                           0x08004c4d   Thumb Code     2  os_cpu_c.o(.text)
    OS_TaskStat                              0x08004c51   Thumb Code    92  os_core.o(.text)
    OS_TaskIdle                              0x08004cad   Thumb Code    22  os_core.o(.text)
    OSInit                                   0x08004cc3   Thumb Code   242  os_core.o(.text)
    OSIntEnter                               0x08004db5   Thumb Code    20  os_core.o(.text)
    OSIntExit                                0x08004dc9   Thumb Code    88  os_core.o(.text)
    OSSchedLock                              0x08004e21   Thumb Code    34  os_core.o(.text)
    OS_Sched                                 0x08004e43   Thumb Code    70  os_core.o(.text)
    OSSchedUnlock                            0x08004e89   Thumb Code    50  os_core.o(.text)
    OSStart                                  0x08004ebb   Thumb Code    48  os_core.o(.text)
    OSStatInit                               0x08004eeb   Thumb Code    48  os_core.o(.text)
    OSTimeTick                               0x08004f1b   Thumb Code   120  os_core.o(.text)
    OSVersion                                0x08004f93   Thumb Code     4  os_core.o(.text)
    OS_Dummy                                 0x08004f97   Thumb Code     2  os_core.o(.text)
    OS_EventTaskRdy                          0x08004f99   Thumb Code    96  os_core.o(.text)
    OS_EventTaskWait                         0x08004ff9   Thumb Code    88  os_core.o(.text)
    OS_EventTO                               0x08005051   Thumb Code    48  os_core.o(.text)
    OS_EventWaitListInit                     0x08005081   Thumb Code    10  os_core.o(.text)
    OS_TCBInit                               0x0800508b   Thumb Code   192  os_core.o(.text)
    OSTaskChangePrio                         0x08005159   Thumb Code   258  os_task.o(.text)
    OSTaskCreate                             0x0800525b   Thumb Code   134  os_task.o(.text)
    OSTaskCreateExt                          0x080052e1   Thumb Code   158  os_task.o(.text)
    OSTaskDel                                0x0800537f   Thumb Code   252  os_task.o(.text)
    OSTaskDelReq                             0x0800547b   Thumb Code    68  os_task.o(.text)
    OSTaskResume                             0x080054bf   Thumb Code   112  os_task.o(.text)
    OSTaskStkChk                             0x0800552f   Thumb Code   152  os_task.o(.text)
    OSTaskSuspend                            0x080055c7   Thumb Code   128  os_task.o(.text)
    OSTaskQuery                              0x08005647   Thumb Code    66  os_task.o(.text)
    OSQAccept                                0x08005699   Thumb Code    62  os_q.o(.text)
    OSQCreate                                0x080056d7   Thumb Code   110  os_q.o(.text)
    OSQDel                                   0x08005745   Thumb Code   190  os_q.o(.text)
    OSQFlush                                 0x08005803   Thumb Code    44  os_q.o(.text)
    OSQPend                                  0x0800582f   Thumb Code   162  os_q.o(.text)
    OSQPost                                  0x080058d1   Thumb Code   108  os_q.o(.text)
    OSQPostFront                             0x0800593d   Thumb Code   106  os_q.o(.text)
    OSQPostOpt                               0x080059a7   Thumb Code   156  os_q.o(.text)
    OSQQuery                                 0x08005a43   Thumb Code    66  os_q.o(.text)
    OS_QInit                                 0x08005a85   Thumb Code    34  os_q.o(.text)
    OSTimeDly                                0x08005abd   Thumb Code    60  os_time.o(.text)
    OSTimeDlyHMSM                            0x08005af9   Thumb Code   120  os_time.o(.text)
    OSTimeDlyResume                          0x08005b71   Thumb Code   104  os_time.o(.text)
    OSTimeGet                                0x08005bd9   Thumb Code    18  os_time.o(.text)
    OSTimeSet                                0x08005beb   Thumb Code    20  os_time.o(.text)
    OSFlagAccept                             0x08005c15   Thumb Code   172  os_flag.o(.text)
    OSFlagCreate                             0x08005cc1   Thumb Code    64  os_flag.o(.text)
    OS_FlagUnlink                            0x08005d01   Thumb Code    32  os_flag.o(.text)
    OSFlagDel                                0x08005d6b   Thumb Code   166  os_flag.o(.text)
    OSFlagPend                               0x08005e63   Thumb Code   284  os_flag.o(.text)
    OSFlagPost                               0x08005f7f   Thumb Code   174  os_flag.o(.text)
    OSFlagQuery                              0x0800602d   Thumb Code    44  os_flag.o(.text)
    OS_FlagInit                              0x08006059   Thumb Code    36  os_flag.o(.text)
    OSMemCreate                              0x08006095   Thumb Code   114  os_mem.o(.text)
    OSMemGet                                 0x08006107   Thumb Code    56  os_mem.o(.text)
    OSMemPut                                 0x0800613f   Thumb Code    58  os_mem.o(.text)
    OSMemQuery                               0x08006179   Thumb Code    58  os_mem.o(.text)
    OS_MemInit                               0x080061b3   Thumb Code    56  os_mem.o(.text)
    get_fat                                  0x08006315   Thumb Code   170  ff.o(.text)
    put_fat                                  0x080063bf   Thumb Code   234  ff.o(.text)
    clust2sect                               0x0800659d   Thumb Code    24  ff.o(.text)
    chk_mounted                              0x08006a59   Thumb Code   448  ff.o(.text)
    f_mount                                  0x08006c19   Thumb Code    26  ff.o(.text)
    f_open                                   0x08006c33   Thumb Code   360  ff.o(.text)
    f_read                                   0x08006d9b   Thumb Code   344  ff.o(.text)
    f_write                                  0x08006ef3   Thumb Code   400  ff.o(.text)
    f_sync                                   0x08007083   Thumb Code   164  ff.o(.text)
    f_close                                  0x08007127   Thumb Code    18  ff.o(.text)
    f_lseek                                  0x08007139   Thumb Code   316  ff.o(.text)
    f_opendir                                0x08007275   Thumb Code    78  ff.o(.text)
    f_readdir                                0x080072c3   Thumb Code    80  ff.o(.text)
    f_stat                                   0x08007313   Thumb Code    58  ff.o(.text)
    f_getfree                                0x0800734d   Thumb Code   194  ff.o(.text)
    f_truncate                               0x0800740f   Thumb Code   144  ff.o(.text)
    f_unlink                                 0x0800749f   Thumb Code   144  ff.o(.text)
    f_mkdir                                  0x0800752f   Thumb Code   404  ff.o(.text)
    f_chmod                                  0x080076c3   Thumb Code    74  ff.o(.text)
    f_utime                                  0x0800770d   Thumb Code    80  ff.o(.text)
    f_rename                                 0x0800775d   Thumb Code   242  ff.o(.text)
    f_gets                                   0x0800784f   Thumb Code    64  ff.o(.text)
    f_putc                                   0x0800788f   Thumb Code    36  ff.o(.text)
    f_puts                                   0x080078b3   Thumb Code    40  ff.o(.text)
    f_printf                                 0x080078db   Thumb Code   298  ff.o(.text)
    disk_initialize                          0x08007a45   Thumb Code    28  diskio.o(.text)
    disk_status                              0x08007a61   Thumb Code    22  diskio.o(.text)
    disk_read                                0x08007a77   Thumb Code    50  diskio.o(.text)
    disk_write                               0x08007aa9   Thumb Code    50  diskio.o(.text)
    disk_ioctl                               0x08007adb   Thumb Code    82  diskio.o(.text)
    get_fattime                              0x08007b2d   Thumb Code     4  diskio.o(.text)
    __aeabi_memcpy                           0x08007b41   Thumb Code    36  memcpya.o(.text)
    __aeabi_memcpy4                          0x08007b41   Thumb Code     0  memcpya.o(.text)
    __aeabi_memcpy8                          0x08007b41   Thumb Code     0  memcpya.o(.text)
    __aeabi_memset                           0x08007b65   Thumb Code    14  memseta.o(.text)
    __aeabi_memset4                          0x08007b65   Thumb Code     0  memseta.o(.text)
    __aeabi_memset8                          0x08007b65   Thumb Code     0  memseta.o(.text)
    __aeabi_memclr                           0x08007b73   Thumb Code     4  memseta.o(.text)
    __aeabi_memclr4                          0x08007b73   Thumb Code     0  memseta.o(.text)
    __aeabi_memclr8                          0x08007b73   Thumb Code     0  memseta.o(.text)
    _memset$wrapper                          0x08007b77   Thumb Code    20  memseta.o(.text)
    strlen                                   0x08007b8b   Thumb Code    16  strlen.o(.text)
    memcmp                                   0x08007b9b   Thumb Code    26  memcmp.o(.text)
    __aeabi_uidiv                            0x08007bb5   Thumb Code     0  uidiv.o(.text)
    __aeabi_uidivmod                         0x08007bb5   Thumb Code    44  uidiv.o(.text)
    __aeabi_uldivmod                         0x08007be1   Thumb Code   102  uldiv.o(.text)
    __I$use$fp                               0x08007c47   Thumb Code     0  iusefp.o(.text)
    __aeabi_dadd                             0x08007c47   Thumb Code   318  dadd.o(.text)
    __aeabi_dsub                             0x08007d85   Thumb Code     6  dadd.o(.text)
    __aeabi_drsub                            0x08007d8b   Thumb Code     6  dadd.o(.text)
    __aeabi_dmul                             0x08007d91   Thumb Code   226  dmul.o(.text)
    __aeabi_ddiv                             0x08007e73   Thumb Code   222  ddiv.o(.text)
    __aeabi_d2ulz                            0x08007f51   Thumb Code    48  dfixul.o(.text)
    __aeabi_cdrcmple                         0x08007f81   Thumb Code    38  cdrcmple.o(.text)
    __scatterload                            0x08007fa9   Thumb Code    28  init.o(.text)
    __scatterload_rt2                        0x08007fa9   Thumb Code     0  init.o(.text)
    __aeabi_llsl                             0x08007fcd   Thumb Code    30  llshl.o(.text)
    _ll_shift_l                              0x08007fcd   Thumb Code     0  llshl.o(.text)
    __aeabi_llsr                             0x08007feb   Thumb Code    32  llushr.o(.text)
    _ll_ushift_r                             0x08007feb   Thumb Code     0  llushr.o(.text)
    __aeabi_lasr                             0x0800800b   Thumb Code    36  llsshr.o(.text)
    _ll_sshift_r                             0x0800800b   Thumb Code     0  llsshr.o(.text)
    _double_round                            0x0800802f   Thumb Code    26  depilogue.o(.text)
    _double_epilogue                         0x08008049   Thumb Code   168  depilogue.o(.text)
    __0printf                                0x080080f1   Thumb Code    22  printfa.o(i.__0printf)
    __1printf                                0x080080f1   Thumb Code     0  printfa.o(i.__0printf)
    __2printf                                0x080080f1   Thumb Code     0  printfa.o(i.__0printf)
    __c89printf                              0x080080f1   Thumb Code     0  printfa.o(i.__0printf)
    printf                                   0x080080f1   Thumb Code     0  printfa.o(i.__0printf)
    __0sprintf                               0x08008111   Thumb Code    34  printfa.o(i.__0sprintf)
    __1sprintf                               0x08008111   Thumb Code     0  printfa.o(i.__0sprintf)
    __2sprintf                               0x08008111   Thumb Code     0  printfa.o(i.__0sprintf)
    __c89sprintf                             0x08008111   Thumb Code     0  printfa.o(i.__0sprintf)
    sprintf                                  0x08008111   Thumb Code     0  printfa.o(i.__0sprintf)
    __scatterload_copy                       0x08008139   Thumb Code    14  handlers.o(i.__scatterload_copy)
    __scatterload_null                       0x08008147   Thumb Code     2  handlers.o(i.__scatterload_null)
    __scatterload_zeroinit                   0x08008149   Thumb Code    14  handlers.o(i.__scatterload_zeroinit)
    _spi_read_write                          0x080089d5   Thumb Code    48  sd_driver.o(i._spi_read_write)
    putc                                     0x08008a17   Thumb Code     4  putc.o(i.putc)
    color                                    0x08008a1c   Data          32  lcd_lib.o(.constdata)
    ascii                                    0x08008a3c   Data        2048  lcd_lib.o(.constdata)
    GB2312                                   0x0800923c   Data         192  lcd_lib.o(.constdata)
    ucosii                                   0x080092fc   Data       18000  lcd_lib.o(.constdata)
    OSMapTbl                                 0x0800d94c   Data           8  os_core.o(.constdata)
    OSUnMapTbl                               0x0800d954   Data         256  os_core.o(.constdata)
    Region$$Table$$Base                      0x0800da54   Number         0  anon$$obj.o(Region$$Table)
    Region$$Table$$Limit                     0x0800da74   Number         0  anon$$obj.o(Region$$Table)
    flag_usart1Rx                            0x20000000   Data           1  stm32f10x_it.o(.data)
    wdg_clr_flag                             0x20000004   Data           4  stm32f10x_it.o(.data)
    usart1_data_r                            0x20000008   Data           4  stm32f10x_it.o(.data)
    trigger_usart1_cnt                       0x2000000c   Data           4  stm32f10x_it.o(.data)
    flag_usart3Rx                            0x20000010   Data           1  stm32f10x_it.o(.data)
    path                                     0x20000014   Data           4  general_task.o(.data)
    Volt                                     0x20000018   Data           4  general_task.o(.data)
    AD_Value                                 0x2000001c   Data           4  general_task.o(.data)
    wbuff                                    0x20000020   Data          65  general_task.o(.data)
    TX_ADDRESS                               0x20000062   Data           5  nrf24l01.o(.data)
    RX_ADDRESS                               0x20000067   Data           5  nrf24l01.o(.data)
    SystemCoreClock                          0x20000080   Data           4  system_stm32f10x.o(.data)
    AHBPrescTable                            0x20000084   Data          16  system_stm32f10x.o(.data)
    OSInterrputSum                           0x20000094   Data           4  os_cpu_c.o(.data)
    OSCPUUsage                               0x20000098   Data           1  os_core.o(.data)
    OSStatRdy                                0x20000099   Data           1  os_core.o(.data)
    OSIntNesting                             0x2000009a   Data           1  os_core.o(.data)
    OSIntExitY                               0x2000009b   Data           1  os_core.o(.data)
    OSLockNesting                            0x2000009c   Data           1  os_core.o(.data)
    OSPrioCur                                0x2000009d   Data           1  os_core.o(.data)
    OSPrioHighRdy                            0x2000009e   Data           1  os_core.o(.data)
    OSRdyGrp                                 0x2000009f   Data           1  os_core.o(.data)
    OSRunning                                0x200000a0   Data           1  os_core.o(.data)
    OSTaskCtr                                0x200000a1   Data           1  os_core.o(.data)
    OSRdyTbl                                 0x200000a2   Data           2  os_core.o(.data)
    OSCtxSwCtr                               0x200000a4   Data           4  os_core.o(.data)
    OSEventFreeList                          0x200000a8   Data           4  os_core.o(.data)
    OSIdleCtrMax                             0x200000ac   Data           4  os_core.o(.data)
    OSIdleCtrRun                             0x200000b0   Data           4  os_core.o(.data)
    OSIdleCtr                                0x200000b4   Data           4  os_core.o(.data)
    OSTCBCur                                 0x200000b8   Data           4  os_core.o(.data)
    OSTCBFreeList                            0x200000bc   Data           4  os_core.o(.data)
    OSTCBHighRdy                             0x200000c0   Data           4  os_core.o(.data)
    OSTCBList                                0x200000c4   Data           4  os_core.o(.data)
    OSTime                                   0x200000c8   Data           4  os_core.o(.data)
    OSFlagFreeList                           0x200000cc   Data           4  os_core.o(.data)
    OSMemFreeList                            0x200000d0   Data           4  os_core.o(.data)
    OSQFreeList                              0x200000d4   Data           4  os_core.o(.data)
    __stdout                                 0x200000e0   Data           4  stdout.o(.data)
    TASK_START_STK                           0x200000e4   Data         512  task_manage.o(.bss)
    TASK_LED_STK                             0x200002e4   Data         256  task_manage.o(.bss)
    TASK_GENERAL_STK                         0x200003e4   Data        2048  task_manage.o(.bss)
    wbuff2                                   0x20000be4   Data         512  general_task.o(.bss)
    fs                                       0x20000de4   Data         560  general_task.o(.bss)
    USART_Q                                  0x20001014   Data          20  serial_shell.o(.bss)
    usart_buff                               0x20001028   Data          32  serial_shell.o(.bss)
    Cmd_buff                                 0x20001048   Data          32  serial_shell.o(.bss)
    zCmdWord                                 0x20001068   Data          32  serial_shell.o(.bss)
    zCmdParam                                0x20001088   Data          32  serial_shell.o(.bss)
    SPI_InitStructure                        0x200010a8   Data          18  cpu_init.o(.bss)
    USART_InitStructure                      0x200010bc   Data          16  cpu_init.o(.bss)
    DMA_InitStructure                        0x200010cc   Data          44  cpu_init.o(.bss)
    USART1_DMA_TxBuff                        0x200010f8   Data          16  cpu_init.o(.bss)
    USART1_DMA_RxBuff                        0x20001108   Data          16  cpu_init.o(.bss)
    CardInfo                                 0x20001118   Data          88  sd_driver.o(.bss)
    TxBuf                                    0x20001170   Data          32  nrf24l01.o(.bss)
    RxBuf                                    0x20001190   Data          32  nrf24l01.o(.bss)
    OSEventTbl                               0x200011b0   Data          24  os_core.o(.bss)
    OSTaskStatStk                            0x200011c8   Data        2048  os_core.o(.bss)
    OSTaskIdleStk                            0x200019c8   Data        2048  os_core.o(.bss)
    OSTCBPrioTbl                             0x200021c8   Data          52  os_core.o(.bss)
    OSTCBTbl                                 0x200021fc   Data         676  os_core.o(.bss)
    OSFlagTbl                                0x200024a0   Data          60  os_core.o(.bss)
    OSMemTbl                                 0x200024dc   Data         100  os_core.o(.bss)
    OSQTbl                                   0x20002540   Data          48  os_core.o(.bss)
    __initial_sp                             0x20002d70   Data           0  startup_stm32f10x_md.o(STACK)



==============================================================================

Memory Map of the image

  Image Entry point : 0x080000ed

  Load Region LR_IROM1 (Base: 0x08000000, Size: 0x0000db58, Max: 0x00020000, ABSOLUTE)

    Execution Region ER_IROM1 (Base: 0x08000000, Size: 0x0000da74, Max: 0x00020000, ABSOLUTE)

    Base Addr    Size         Type   Attr      Idx    E Section Name        Object

    0x08000000   0x000000ec   Data   RO            3    RESET               startup_stm32f10x_md.o
    0x080000ec   0x00000000   Code   RO          992  * .ARM.Collect$$$$00000000  mc_w.l(entry.o)(mc_w.l)
    0x080000ec   0x00000004   Code   RO         1279    .ARM.Collect$$$$00000001  mc_w.l(entry2.o)(mc_w.l)
    0x080000f0   0x00000004   Code   RO         1282    .ARM.Collect$$$$00000004  mc_w.l(entry5.o)(mc_w.l)
    0x080000f4   0x00000008   Code   RO         1283    .ARM.Collect$$$$00000007  mc_w.l(entry7.o)(mc_w.l)
    0x080000fc   0x00000004   Code   RO         1280    .ARM.Collect$$$$00002712  mc_w.l(entry2.o)(mc_w.l)
    0x08000100   0x00000024   Code   RO            4    .text               startup_stm32f10x_md.o
    0x08000124   0x00000028   Code   RO           10    .text               main.o
    0x0800014c   0x000001d8   Code   RO          206    .text               stm32f10x_it.o
    0x08000324   0x00000024   Code   RO          231    .text               c_lib_retarget.o
    0x08000348   0x00000354   Code   RO          243    .text               task_manage.o
    0x0800069c   0x00000180   Code   RO          271    .text               general_task.o
    0x0800081c   0x00000084   Code   RO          347    .text               datastructure.o
    0x080008a0   0x00000598   Code   RO          360    .text               cpu_init.o
    0x08000e38   0x000007c4   Code   RO          388    .text               ltm022a69b.o
    0x080015fc   0x00000a90   Code   RO          419    .text               sd_driver.o
    0x0800208c   0x00000678   Code   RO          440    .text               ffext.o
    0x08002704   0x000002d0   Code   RO          453    .text               nrf24l01.o
    0x080029d4   0x000000b4   Code   RO          493    .text               misc.o
    0x08002a88   0x000001c0   Code   RO          505    .text               stm32f10x_dma.o
    0x08002c48   0x000000f4   Code   RO          517    .text               stm32f10x_exti.o
    0x08002d3c   0x00000490   Code   RO          529    .text               stm32f10x_flash.o
    0x080031cc   0x00000268   Code   RO          554    .text               stm32f10x_gpio.o
    0x08003434   0x000002bc   Code   RO          578    .text               stm32f10x_rcc.o
    0x080036f0   0x0000026c   Code   RO          592    .text               stm32f10x_spi.o
    0x0800395c   0x0000098a   Code   RO          604    .text               stm32f10x_tim.o
    0x080042e6   0x00000002   PAD
    0x080042e8   0x00000330   Code   RO          617    .text               stm32f10x_usart.o
    0x08004618   0x00000078   Code   RO          629    .text               stm32f10x_wwdg.o
    0x08004690   0x0000032c   Code   RO          641    .text               stm32f10x_adc.o
    0x080049bc   0x00000130   Code   RO          788    .text               system_stm32f10x.o
    0x08004aec   0x000000e8   Code   RO          806    .text               os_cpu_a.o
    0x08004bd4   0x0000007a   Code   RO          809    .text               os_cpu_c.o
    0x08004c4e   0x00000002   PAD
    0x08004c50   0x00000508   Code   RO          834    .text               os_core.o
    0x08005158   0x00000540   Code   RO          860    .text               os_task.o
    0x08005698   0x00000424   Code   RO          872    .text               os_q.o
    0x08005abc   0x00000158   Code   RO          896    .text               os_time.o
    0x08005c14   0x00000480   Code   RO          908    .text               os_flag.o
    0x08006094   0x00000160   Code   RO          933    .text               os_mem.o
    0x080061f4   0x0000184e   Code   RO          957    .text               ff.o
    0x08007a42   0x00000002   PAD
    0x08007a44   0x000000fc   Code   RO          979    .text               diskio.o
    0x08007b40   0x00000024   Code   RO          998    .text               mc_w.l(memcpya.o)(mc_w.l)
    0x08007b64   0x00000026   Code   RO         1000    .text               mc_w.l(memseta.o)(mc_w.l)
    0x08007b8a   0x00000010   Code   RO         1002    .text               mc_w.l(strlen.o)(mc_w.l)
    0x08007b9a   0x0000001a   Code   RO         1006    .text               mc_w.l(memcmp.o)(mc_w.l)
    0x08007bb4   0x0000002c   Code   RO         1284    .text               mc_w.l(uidiv.o)(mc_w.l)
    0x08007be0   0x00000066   Code   RO         1286    .text               mc_w.l(uldiv.o)(mc_w.l)
    0x08007c46   0x00000000   Code   RO         1297    .text               mc_w.l(iusefp.o)(mc_w.l)
    0x08007c46   0x0000014a   Code   RO         1300    .text               mf_w.l(dadd.o)(mf_w.l)
    0x08007d90   0x000000e2   Code   RO         1302    .text               mf_w.l(dmul.o)(mf_w.l)
    0x08007e72   0x000000de   Code   RO         1304    .text               mf_w.l(ddiv.o)(mf_w.l)
    0x08007f50   0x00000030   Code   RO         1306    .text               mf_w.l(dfixul.o)(mf_w.l)
    0x08007f80   0x00000028   Code   RO         1308    .text               mf_w.l(cdrcmple.o)(mf_w.l)
    0x08007fa8   0x00000024   Code   RO         1310    .text               mc_w.l(init.o)(mc_w.l)
    0x08007fcc   0x0000001e   Code   RO         1312    .text               mc_w.l(llshl.o)(mc_w.l)
    0x08007fea   0x00000020   Code   RO         1314    .text               mc_w.l(llushr.o)(mc_w.l)
    0x0800800a   0x00000024   Code   RO         1316    .text               mc_w.l(llsshr.o)(mc_w.l)
    0x0800802e   0x000000c2   Code   RO         1348    .text               mf_w.l(depilogue.o)(mf_w.l)
    0x080080f0   0x00000020   Code   RO         1243    i.__0printf         mc_w.l(printfa.o)(mc_w.l)
    0x08008110   0x00000028   Code   RO         1245    i.__0sprintf        mc_w.l(printfa.o)(mc_w.l)
    0x08008138   0x0000000e   Code   RO         1354    i.__scatterload_copy  mc_w.l(handlers.o)(mc_w.l)
    0x08008146   0x00000002   Code   RO         1355    i.__scatterload_null  mc_w.l(handlers.o)(mc_w.l)
    0x08008148   0x0000000e   Code   RO         1356    i.__scatterload_zeroinit  mc_w.l(handlers.o)(mc_w.l)
    0x08008156   0x00000002   PAD
    0x08008158   0x00000154   Code   RO         1250    i._fp_digits        mc_w.l(printfa.o)(mc_w.l)
    0x080082ac   0x000006d4   Code   RO         1251    i._printf_core      mc_w.l(printfa.o)(mc_w.l)
    0x08008980   0x00000026   Code   RO         1252    i._printf_post_padding  mc_w.l(printfa.o)(mc_w.l)
    0x080089a6   0x0000002e   Code   RO         1253    i._printf_pre_padding  mc_w.l(printfa.o)(mc_w.l)
    0x080089d4   0x00000038   Code   RO          431    i._spi_read_write   sd_driver.o
    0x08008a0c   0x0000000a   Code   RO         1255    i._sputc            mc_w.l(printfa.o)(mc_w.l)
    0x08008a16   0x00000004   Code   RO          995    i.putc              mc_w.l(putc.o)(mc_w.l)
    0x08008a1a   0x00000002   PAD
    0x08008a1c   0x00000020   Data   RO          404    .constdata          lcd_lib.o
    0x08008a3c   0x00000800   Data   RO          405    .constdata          lcd_lib.o
    0x0800923c   0x000000c0   Data   RO          406    .constdata          lcd_lib.o
    0x080092fc   0x00004650   Data   RO          407    .constdata          lcd_lib.o
    0x0800d94c   0x00000108   Data   RO          839    .constdata          os_core.o
    0x0800da54   0x00000020   Data   RO         1352    Region$$Table       anon$$obj.o


    Execution Region RW_IRAM1 (Base: 0x20000000, Size: 0x00002d70, Max: 0x00005000, ABSOLUTE)

    Base Addr    Size         Type   Attr      Idx    E Section Name        Object

    0x20000000   0x00000010   Data   RW          207    .data               stm32f10x_it.o
    0x20000010   0x00000001   Data   RW          209    .data               stm32f10x_it.o
    0x20000011   0x00000003   PAD
    0x20000014   0x0000004d   Data   RW          273    .data               general_task.o
    0x20000061   0x0000000b   Data   RW          455    .data               nrf24l01.o
    0x2000006c   0x00000014   Data   RW          579    .data               stm32f10x_rcc.o
    0x20000080   0x00000014   Data   RW          789    .data               system_stm32f10x.o
    0x20000094   0x00000004   Data   RW          810    .data               os_cpu_c.o
    0x20000098   0x00000034   Data   RW          840    .data               os_core.o
    0x200000cc   0x00000004   Data   RW          841    .data               os_core.o
    0x200000d0   0x00000004   Data   RW          842    .data               os_core.o
    0x200000d4   0x00000004   Data   RW          843    .data               os_core.o
    0x200000d8   0x00000008   Data   RW          958    .data               ff.o
    0x200000e0   0x00000004   Data   RW          997    .data               mc_w.l(stdout.o)(mc_w.l)
    0x200000e4   0x00000200   Zero   RW          244    .bss                task_manage.o
    0x200002e4   0x00000900   Zero   RW          245    .bss                task_manage.o
    0x20000be4   0x00000430   Zero   RW          272    .bss                general_task.o
    0x20001014   0x00000094   Zero   RW          327    .bss                serial_shell.o
    0x200010a8   0x00000070   Zero   RW          361    .bss                cpu_init.o
    0x20001118   0x00000058   Zero   RW          420    .bss                sd_driver.o
    0x20001170   0x00000040   Zero   RW          454    .bss                nrf24l01.o
    0x200011b0   0x000012f0   Zero   RW          835    .bss                os_core.o
    0x200024a0   0x0000003c   Zero   RW          836    .bss                os_core.o
    0x200024dc   0x00000064   Zero   RW          837    .bss                os_core.o
    0x20002540   0x00000030   Zero   RW          838    .bss                os_core.o
    0x20002570   0x00000800   Zero   RW            1    STACK               startup_stm32f10x_md.o


==============================================================================

Image component sizes


      Code (inc. data)   RO Data    RW Data    ZI Data      Debug   Object Name

        36          6          0          0          0          0   c_lib_retarget.o
      1432         84          0          0        112          0   cpu_init.o
       132          0          0          0          0          0   datastructure.o
       252         16          0          0          0          0   diskio.o
      6222         28          0          8          0          0   ff.o
      1656       1098          0          0          0          0   ffext.o
       384        136          0         77       1072          0   general_task.o
         0          0      20272          0          0          0   lcd_lib.o
      1988         70          0          0          0          0   ltm022a69b.o
        40          8          0          0          0          0   main.o
       180         18          0          0          0          0   misc.o
       720         76          0         11         64          0   nrf24l01.o
      1288         34        264         64       5056          0   os_core.o
       232         42          0          0          0          0   os_cpu_a.o
       122          0          0          4          0          0   os_cpu_c.o
      1152         24          0          0          0          0   os_flag.o
       352         10          0          0          0          0   os_mem.o
      1060         22          0          0          0          0   os_q.o
      1344         60          0          0          0          0   os_task.o
       344         22          0          0          0          0   os_time.o
      2760        550          0          0         88          0   sd_driver.o
         0          0          0          0        148          0   serial_shell.o
        36          8        236          0       2048          0   startup_stm32f10x_md.o
       812         32          0          0          0          0   stm32f10x_adc.o
       448         12          0          0          0          0   stm32f10x_dma.o
       244         18          0          0          0          0   stm32f10x_exti.o
      1168         30          0          0          0          0   stm32f10x_flash.o
       616         42          0          0          0          0   stm32f10x_gpio.o
       472        122          0         17          0          0   stm32f10x_it.o
       700         48          0         20          0          0   stm32f10x_rcc.o
       620         14          0          0          0          0   stm32f10x_spi.o
      2442         64          0          0          0          0   stm32f10x_tim.o
       816         20          0          0          0          0   stm32f10x_usart.o
       120         16          0          0          0          0   stm32f10x_wwdg.o
       304         28          0         20          0          0   system_stm32f10x.o
       852        476          0          0       2816          0   task_manage.o

    ----------------------------------------------------------------------
     31352       3234      20804        224      11404          0   Object Totals
         0          0         32          0          0          0   (incl. Generated)
         6          0          0          3          0          0   (incl. Padding)

    ----------------------------------------------------------------------

      Code (inc. data)   RO Data    RW Data    ZI Data      Debug   Library Member Name

         0          0          0          0          0          0   entry.o
         8          4          0          0          0          0   entry2.o
         4          0          0          0          0          0   entry5.o
         8          4          0          0          0          0   entry7.o
        30          0          0          0          0          0   handlers.o
        36          8          0          0          0          0   init.o
         0          0          0          0          0          0   iusefp.o
        30          0          0          0          0          0   llshl.o
        36          0          0          0          0          0   llsshr.o
        32          0          0          0          0          0   llushr.o
        26          0          0          0          0          0   memcmp.o
        36          0          0          0          0          0   memcpya.o
        38          0          0          0          0          0   memseta.o
      2254         98          0          0          0          0   printfa.o
         4          0          0          0          0          0   putc.o
         0          0          0          4          0          0   stdout.o
        16          0          0          0          0          0   strlen.o
        44          0          0          0          0          0   uidiv.o
       102          0          0          0          0          0   uldiv.o
        40          2          0          0          0          0   cdrcmple.o
       330          0          0          0          0          0   dadd.o
       222          0          0          0          0          0   ddiv.o
       194          0          0          0          0          0   depilogue.o
        48          0          0          0          0          0   dfixul.o
       226          0          0          0          0          0   dmul.o

    ----------------------------------------------------------------------
      3768        116          0          4          0          0   Library Totals
         4          0          0          0          0          0   (incl. Padding)

    ----------------------------------------------------------------------

      Code (inc. data)   RO Data    RW Data    ZI Data      Debug   Library Name

      2704        114          0          4          0       1448   mc_w.l
      1060          2          0          0          0        664   mf_w.l

    ----------------------------------------------------------------------
      3768        116          0          4          0          0   Library Totals

    ----------------------------------------------------------------------

==============================================================================


      Code (inc. data)   RO Data    RW Data    ZI Data      Debug   

     35120       3350      20804        228      11404     509840   Grand Totals
     35120       3350      20804        228      11404     509840   ELF Image Totals
     35120       3350      20804        228          0          0   ROM Totals

==============================================================================

    Total RO  Size (Code + RO Data)                55924 (  54.61kB)
    Total RW  Size (RW Data + ZI Data)             11632 (  11.36kB)
    Total ROM Size (Code + RO Data + RW Data)      56152 (  54.84kB)

==============================================================================

